---
source: tests/test.rs
expression: parser.parse(&buffer).unwrap()
---
SynthProblem {
    imports: [],
    decls: [
        TypeDecl(
            "cmp",
            Type(
                Variant([("CEq", Type(Tuple([]))), ("CGt", Type(Tuple([]))), ("CLt", Type(Tuple([])))]),
            ),
        ),
        TypeDecl(
            "nat",
            Type(
                Variant([("O", Type(Tuple([]))), ("S", Type(Named("nat")))]),
            ),
        ),
        TypeDecl(
            "tree",
            Type(
                Variant([("Leaf", Type(Tuple([]))), ("Node", Type(Tuple([Type(Named("tree")), Type(Named("nat")), Type(Named("tree"))])))]),
            ),
        ),
        ExpDecl(
            "comp_nat",
            Exp(
                Fix("comp_nat", Type(Arrow(Type(Arrow(Type(Named("nat")), Type(Named("nat")))), Type(Named("cmp")))), Exp(Func(Param { name: "x1", ty: Type(Named("nat")) }, Exp(Func(Param { name: "x2", ty: Type(Named("nat")) }, Exp(Match(Exp(Var("x1")), [(Ctor("O", Wildcard), Exp(Match(Exp(Var("x2")), [(Ctor("O", Wildcard), Exp(CTor("CEq", Exp(Tuple([]))))), (Ctor("S", Wildcard), Exp(CTor("CLt", Exp(Tuple([])))))]))), (Ctor("S", Var("x1")), Exp(Match(Exp(Var("x2")), [(Ctor("O", Wildcard), Exp(CTor("CGt", Exp(Tuple([]))))), (Ctor("S", Var("x2")), Exp(App(Exp(App(Exp(Var("comp_nat")), Exp(Var("x1")))), Exp(Var("x2")))))])))]))))))),
            ),
        ),
    ],
    synth_type: Type(
        Arrow(Type(Arrow(Type(Named("tree")), Type(Named("nat")))), Type(Named("tree"))),
    ),
    spec: UIOEs(
        [
            Example {
                input: [
                    Exp(
                        CTor("Leaf", Exp(Tuple([]))),
                    ),
                    Exp(
                        CTor("O", Exp(Tuple([]))),
                    ),
                ],
                output: Exp(
                    CTor("Node", Exp(Tuple([Exp(CTor("Leaf", Exp(Tuple([])))), Exp(CTor("O", Exp(Tuple([])))), Exp(CTor("Leaf", Exp(Tuple([]))))]))),
                ),
            },
            Example {
                input: [
                    Exp(
                        CTor("Leaf", Exp(Tuple([]))),
                    ),
                    Exp(
                        CTor("S", Exp(CTor("O", Exp(Tuple([]))))),
                    ),
                ],
                output: Exp(
                    CTor("Node", Exp(Tuple([Exp(CTor("Leaf", Exp(Tuple([])))), Exp(CTor("S", Exp(CTor("O", Exp(Tuple([])))))), Exp(CTor("Leaf", Exp(Tuple([]))))]))),
                ),
            },
            Example {
                input: [
                    Exp(
                        CTor("Leaf", Exp(Tuple([]))),
                    ),
                    Exp(
                        CTor("S", Exp(CTor("S", Exp(CTor("O", Exp(Tuple([]))))))),
                    ),
                ],
                output: Exp(
                    CTor("Node", Exp(Tuple([Exp(CTor("Leaf", Exp(Tuple([])))), Exp(CTor("S", Exp(CTor("S", Exp(CTor("O", Exp(Tuple([])))))))), Exp(CTor("Leaf", Exp(Tuple([]))))]))),
                ),
            },
            Example {
                input: [
                    Exp(
                        CTor("Node", Exp(Tuple([Exp(CTor("Leaf", Exp(Tuple([])))), Exp(CTor("S", Exp(CTor("O", Exp(Tuple([])))))), Exp(CTor("Leaf", Exp(Tuple([]))))]))),
                    ),
                    Exp(
                        CTor("O", Exp(Tuple([]))),
                    ),
                ],
                output: Exp(
                    CTor("Node", Exp(Tuple([Exp(CTor("Node", Exp(Tuple([Exp(CTor("Leaf", Exp(Tuple([])))), Exp(CTor("O", Exp(Tuple([])))), Exp(CTor("Leaf", Exp(Tuple([]))))])))), Exp(CTor("S", Exp(CTor("O", Exp(Tuple([])))))), Exp(CTor("Leaf", Exp(Tuple([]))))]))),
                ),
            },
            Example {
                input: [
                    Exp(
                        CTor("Node", Exp(Tuple([Exp(CTor("Leaf", Exp(Tuple([])))), Exp(CTor("S", Exp(CTor("O", Exp(Tuple([])))))), Exp(CTor("Leaf", Exp(Tuple([]))))]))),
                    ),
                    Exp(
                        CTor("S", Exp(CTor("O", Exp(Tuple([]))))),
                    ),
                ],
                output: Exp(
                    CTor("Node", Exp(Tuple([Exp(CTor("Leaf", Exp(Tuple([])))), Exp(CTor("S", Exp(CTor("O", Exp(Tuple([])))))), Exp(CTor("Leaf", Exp(Tuple([]))))]))),
                ),
            },
            Example {
                input: [
                    Exp(
                        CTor("Node", Exp(Tuple([Exp(CTor("Leaf", Exp(Tuple([])))), Exp(CTor("S", Exp(CTor("O", Exp(Tuple([])))))), Exp(CTor("Leaf", Exp(Tuple([]))))]))),
                    ),
                    Exp(
                        CTor("S", Exp(CTor("S", Exp(CTor("O", Exp(Tuple([]))))))),
                    ),
                ],
                output: Exp(
                    CTor("Node", Exp(Tuple([Exp(CTor("Leaf", Exp(Tuple([])))), Exp(CTor("S", Exp(CTor("O", Exp(Tuple([])))))), Exp(CTor("Node", Exp(Tuple([Exp(CTor("Leaf", Exp(Tuple([])))), Exp(CTor("S", Exp(CTor("S", Exp(CTor("O", Exp(Tuple([])))))))), Exp(CTor("Leaf", Exp(Tuple([]))))]))))]))),
                ),
            },
            Example {
                input: [
                    Exp(
                        CTor("Node", Exp(Tuple([Exp(CTor("Leaf", Exp(Tuple([])))), Exp(CTor("O", Exp(Tuple([])))), Exp(CTor("Leaf", Exp(Tuple([]))))]))),
                    ),
                    Exp(
                        CTor("O", Exp(Tuple([]))),
                    ),
                ],
                output: Exp(
                    CTor("Node", Exp(Tuple([Exp(CTor("Leaf", Exp(Tuple([])))), Exp(CTor("O", Exp(Tuple([])))), Exp(CTor("Leaf", Exp(Tuple([]))))]))),
                ),
            },
            Example {
                input: [
                    Exp(
                        CTor("Node", Exp(Tuple([Exp(CTor("Leaf", Exp(Tuple([])))), Exp(CTor("O", Exp(Tuple([])))), Exp(CTor("Leaf", Exp(Tuple([]))))]))),
                    ),
                    Exp(
                        CTor("S", Exp(CTor("O", Exp(Tuple([]))))),
                    ),
                ],
                output: Exp(
                    CTor("Node", Exp(Tuple([Exp(CTor("Leaf", Exp(Tuple([])))), Exp(CTor("O", Exp(Tuple([])))), Exp(CTor("Node", Exp(Tuple([Exp(CTor("Leaf", Exp(Tuple([])))), Exp(CTor("S", Exp(CTor("O", Exp(Tuple([])))))), Exp(CTor("Leaf", Exp(Tuple([]))))]))))]))),
                ),
            },
            Example {
                input: [
                    Exp(
                        CTor("Node", Exp(Tuple([Exp(CTor("Leaf", Exp(Tuple([])))), Exp(CTor("O", Exp(Tuple([])))), Exp(CTor("Leaf", Exp(Tuple([]))))]))),
                    ),
                    Exp(
                        CTor("S", Exp(CTor("S", Exp(CTor("O", Exp(Tuple([]))))))),
                    ),
                ],
                output: Exp(
                    CTor("Node", Exp(Tuple([Exp(CTor("Leaf", Exp(Tuple([])))), Exp(CTor("O", Exp(Tuple([])))), Exp(CTor("Node", Exp(Tuple([Exp(CTor("Leaf", Exp(Tuple([])))), Exp(CTor("S", Exp(CTor("S", Exp(CTor("O", Exp(Tuple([])))))))), Exp(CTor("Leaf", Exp(Tuple([]))))]))))]))),
                ),
            },
            Example {
                input: [
                    Exp(
                        CTor("Node", Exp(Tuple([Exp(CTor("Leaf", Exp(Tuple([])))), Exp(CTor("S", Exp(CTor("S", Exp(CTor("O", Exp(Tuple([])))))))), Exp(CTor("Leaf", Exp(Tuple([]))))]))),
                    ),
                    Exp(
                        CTor("O", Exp(Tuple([]))),
                    ),
                ],
                output: Exp(
                    CTor("Node", Exp(Tuple([Exp(CTor("Node", Exp(Tuple([Exp(CTor("Leaf", Exp(Tuple([])))), Exp(CTor("O", Exp(Tuple([])))), Exp(CTor("Leaf", Exp(Tuple([]))))])))), Exp(CTor("S", Exp(CTor("S", Exp(CTor("O", Exp(Tuple([])))))))), Exp(CTor("Leaf", Exp(Tuple([]))))]))),
                ),
            },
            Example {
                input: [
                    Exp(
                        CTor("Node", Exp(Tuple([Exp(CTor("Leaf", Exp(Tuple([])))), Exp(CTor("S", Exp(CTor("S", Exp(CTor("O", Exp(Tuple([])))))))), Exp(CTor("Leaf", Exp(Tuple([]))))]))),
                    ),
                    Exp(
                        CTor("S", Exp(CTor("O", Exp(Tuple([]))))),
                    ),
                ],
                output: Exp(
                    CTor("Node", Exp(Tuple([Exp(CTor("Node", Exp(Tuple([Exp(CTor("Leaf", Exp(Tuple([])))), Exp(CTor("S", Exp(CTor("O", Exp(Tuple([])))))), Exp(CTor("Leaf", Exp(Tuple([]))))])))), Exp(CTor("S", Exp(CTor("S", Exp(CTor("O", Exp(Tuple([])))))))), Exp(CTor("Leaf", Exp(Tuple([]))))]))),
                ),
            },
            Example {
                input: [
                    Exp(
                        CTor("Node", Exp(Tuple([Exp(CTor("Leaf", Exp(Tuple([])))), Exp(CTor("S", Exp(CTor("S", Exp(CTor("O", Exp(Tuple([])))))))), Exp(CTor("Leaf", Exp(Tuple([]))))]))),
                    ),
                    Exp(
                        CTor("S", Exp(CTor("S", Exp(CTor("O", Exp(Tuple([]))))))),
                    ),
                ],
                output: Exp(
                    CTor("Node", Exp(Tuple([Exp(CTor("Leaf", Exp(Tuple([])))), Exp(CTor("S", Exp(CTor("S", Exp(CTor("O", Exp(Tuple([])))))))), Exp(CTor("Leaf", Exp(Tuple([]))))]))),
                ),
            },
            Example {
                input: [
                    Exp(
                        CTor("Node", Exp(Tuple([Exp(CTor("Node", Exp(Tuple([Exp(CTor("Leaf", Exp(Tuple([])))), Exp(CTor("O", Exp(Tuple([])))), Exp(CTor("Leaf", Exp(Tuple([]))))])))), Exp(CTor("S", Exp(CTor("O", Exp(Tuple([])))))), Exp(CTor("Leaf", Exp(Tuple([]))))]))),
                    ),
                    Exp(
                        CTor("O", Exp(Tuple([]))),
                    ),
                ],
                output: Exp(
                    CTor("Node", Exp(Tuple([Exp(CTor("Node", Exp(Tuple([Exp(CTor("Leaf", Exp(Tuple([])))), Exp(CTor("O", Exp(Tuple([])))), Exp(CTor("Leaf", Exp(Tuple([]))))])))), Exp(CTor("S", Exp(CTor("O", Exp(Tuple([])))))), Exp(CTor("Leaf", Exp(Tuple([]))))]))),
                ),
            },
            Example {
                input: [
                    Exp(
                        CTor("Node", Exp(Tuple([Exp(CTor("Node", Exp(Tuple([Exp(CTor("Leaf", Exp(Tuple([])))), Exp(CTor("O", Exp(Tuple([])))), Exp(CTor("Leaf", Exp(Tuple([]))))])))), Exp(CTor("S", Exp(CTor("O", Exp(Tuple([])))))), Exp(CTor("Leaf", Exp(Tuple([]))))]))),
                    ),
                    Exp(
                        CTor("S", Exp(CTor("O", Exp(Tuple([]))))),
                    ),
                ],
                output: Exp(
                    CTor("Node", Exp(Tuple([Exp(CTor("Node", Exp(Tuple([Exp(CTor("Leaf", Exp(Tuple([])))), Exp(CTor("O", Exp(Tuple([])))), Exp(CTor("Leaf", Exp(Tuple([]))))])))), Exp(CTor("S", Exp(CTor("O", Exp(Tuple([])))))), Exp(CTor("Leaf", Exp(Tuple([]))))]))),
                ),
            },
            Example {
                input: [
                    Exp(
                        CTor("Node", Exp(Tuple([Exp(CTor("Node", Exp(Tuple([Exp(CTor("Leaf", Exp(Tuple([])))), Exp(CTor("O", Exp(Tuple([])))), Exp(CTor("Leaf", Exp(Tuple([]))))])))), Exp(CTor("S", Exp(CTor("O", Exp(Tuple([])))))), Exp(CTor("Leaf", Exp(Tuple([]))))]))),
                    ),
                    Exp(
                        CTor("S", Exp(CTor("S", Exp(CTor("O", Exp(Tuple([]))))))),
                    ),
                ],
                output: Exp(
                    CTor("Node", Exp(Tuple([Exp(CTor("Node", Exp(Tuple([Exp(CTor("Leaf", Exp(Tuple([])))), Exp(CTor("O", Exp(Tuple([])))), Exp(CTor("Leaf", Exp(Tuple([]))))])))), Exp(CTor("S", Exp(CTor("O", Exp(Tuple([])))))), Exp(CTor("Node", Exp(Tuple([Exp(CTor("Leaf", Exp(Tuple([])))), Exp(CTor("S", Exp(CTor("S", Exp(CTor("O", Exp(Tuple([])))))))), Exp(CTor("Leaf", Exp(Tuple([]))))]))))]))),
                ),
            },
            Example {
                input: [
                    Exp(
                        CTor("Node", Exp(Tuple([Exp(CTor("Leaf", Exp(Tuple([])))), Exp(CTor("O", Exp(Tuple([])))), Exp(CTor("Node", Exp(Tuple([Exp(CTor("Leaf", Exp(Tuple([])))), Exp(CTor("S", Exp(CTor("O", Exp(Tuple([])))))), Exp(CTor("Leaf", Exp(Tuple([]))))]))))]))),
                    ),
                    Exp(
                        CTor("S", Exp(CTor("S", Exp(CTor("O", Exp(Tuple([]))))))),
                    ),
                ],
                output: Exp(
                    CTor("Node", Exp(Tuple([Exp(CTor("Leaf", Exp(Tuple([])))), Exp(CTor("O", Exp(Tuple([])))), Exp(CTor("Node", Exp(Tuple([Exp(CTor("Leaf", Exp(Tuple([])))), Exp(CTor("S", Exp(CTor("O", Exp(Tuple([])))))), Exp(CTor("Node", Exp(Tuple([Exp(CTor("Leaf", Exp(Tuple([])))), Exp(CTor("S", Exp(CTor("S", Exp(CTor("O", Exp(Tuple([])))))))), Exp(CTor("Leaf", Exp(Tuple([]))))]))))]))))]))),
                ),
            },
            Example {
                input: [
                    Exp(
                        CTor("Node", Exp(Tuple([Exp(CTor("Node", Exp(Tuple([Exp(CTor("Leaf", Exp(Tuple([])))), Exp(CTor("S", Exp(CTor("O", Exp(Tuple([])))))), Exp(CTor("Leaf", Exp(Tuple([]))))])))), Exp(CTor("S", Exp(CTor("S", Exp(CTor("O", Exp(Tuple([])))))))), Exp(CTor("Leaf", Exp(Tuple([]))))]))),
                    ),
                    Exp(
                        CTor("O", Exp(Tuple([]))),
                    ),
                ],
                output: Exp(
                    CTor("Node", Exp(Tuple([Exp(CTor("Node", Exp(Tuple([Exp(CTor("Node", Exp(Tuple([Exp(CTor("Leaf", Exp(Tuple([])))), Exp(CTor("O", Exp(Tuple([])))), Exp(CTor("Leaf", Exp(Tuple([]))))])))), Exp(CTor("S", Exp(CTor("O", Exp(Tuple([])))))), Exp(CTor("Leaf", Exp(Tuple([]))))])))), Exp(CTor("S", Exp(CTor("S", Exp(CTor("O", Exp(Tuple([])))))))), Exp(CTor("Leaf", Exp(Tuple([]))))]))),
                ),
            },
            Example {
                input: [
                    Exp(
                        CTor("Node", Exp(Tuple([Exp(CTor("Leaf", Exp(Tuple([])))), Exp(CTor("S", Exp(CTor("O", Exp(Tuple([])))))), Exp(CTor("Node", Exp(Tuple([Exp(CTor("Leaf", Exp(Tuple([])))), Exp(CTor("S", Exp(CTor("S", Exp(CTor("O", Exp(Tuple([])))))))), Exp(CTor("Leaf", Exp(Tuple([]))))]))))]))),
                    ),
                    Exp(
                        CTor("O", Exp(Tuple([]))),
                    ),
                ],
                output: Exp(
                    CTor("Node", Exp(Tuple([Exp(CTor("Node", Exp(Tuple([Exp(CTor("Leaf", Exp(Tuple([])))), Exp(CTor("O", Exp(Tuple([])))), Exp(CTor("Leaf", Exp(Tuple([]))))])))), Exp(CTor("S", Exp(CTor("O", Exp(Tuple([])))))), Exp(CTor("Node", Exp(Tuple([Exp(CTor("Leaf", Exp(Tuple([])))), Exp(CTor("S", Exp(CTor("S", Exp(CTor("O", Exp(Tuple([])))))))), Exp(CTor("Leaf", Exp(Tuple([]))))]))))]))),
                ),
            },
            Example {
                input: [
                    Exp(
                        CTor("Node", Exp(Tuple([Exp(CTor("Leaf", Exp(Tuple([])))), Exp(CTor("S", Exp(CTor("O", Exp(Tuple([])))))), Exp(CTor("Node", Exp(Tuple([Exp(CTor("Leaf", Exp(Tuple([])))), Exp(CTor("S", Exp(CTor("S", Exp(CTor("O", Exp(Tuple([])))))))), Exp(CTor("Leaf", Exp(Tuple([]))))]))))]))),
                    ),
                    Exp(
                        CTor("S", Exp(CTor("O", Exp(Tuple([]))))),
                    ),
                ],
                output: Exp(
                    CTor("Node", Exp(Tuple([Exp(CTor("Leaf", Exp(Tuple([])))), Exp(CTor("S", Exp(CTor("O", Exp(Tuple([])))))), Exp(CTor("Node", Exp(Tuple([Exp(CTor("Leaf", Exp(Tuple([])))), Exp(CTor("S", Exp(CTor("S", Exp(CTor("O", Exp(Tuple([])))))))), Exp(CTor("Leaf", Exp(Tuple([]))))]))))]))),
                ),
            },
            Example {
                input: [
                    Exp(
                        CTor("Node", Exp(Tuple([Exp(CTor("Node", Exp(Tuple([Exp(CTor("Leaf", Exp(Tuple([])))), Exp(CTor("S", Exp(CTor("O", Exp(Tuple([])))))), Exp(CTor("Leaf", Exp(Tuple([]))))])))), Exp(CTor("S", Exp(CTor("S", Exp(CTor("O", Exp(Tuple([])))))))), Exp(CTor("Leaf", Exp(Tuple([]))))]))),
                    ),
                    Exp(
                        CTor("O", Exp(Tuple([]))),
                    ),
                ],
                output: Exp(
                    CTor("Node", Exp(Tuple([Exp(CTor("Node", Exp(Tuple([Exp(CTor("Node", Exp(Tuple([Exp(CTor("Leaf", Exp(Tuple([])))), Exp(CTor("O", Exp(Tuple([])))), Exp(CTor("Leaf", Exp(Tuple([]))))])))), Exp(CTor("S", Exp(CTor("O", Exp(Tuple([])))))), Exp(CTor("Leaf", Exp(Tuple([]))))])))), Exp(CTor("S", Exp(CTor("S", Exp(CTor("O", Exp(Tuple([])))))))), Exp(CTor("Leaf", Exp(Tuple([]))))]))),
                ),
            },
        ],
    ),
}
